tsconfig.json(15,25): error TS5107: Option 'moduleResolution=node10' is deprecated and will stop functioning in TypeScript 7.0. Specify compilerOption '"ignoreDeprecations": "6.0"' to silence this error.
  Visit https://aka.ms/ts6 for migration information.
tsconfig.json(16,5): error TS5101: Option 'baseUrl' is deprecated and will stop functioning in TypeScript 7.0. Specify compilerOption '"ignoreDeprecations": "6.0"' to silence this error.
  Visit https://aka.ms/ts6 for migration information.
